
> frontend@0.0.0 build
> vite build

[36mvite v8.0.7 [32mbuilding client environment for production...[36m[39m
[2K
node.exe : Found 1 warning 
while optimizing generated CSS:
At line:1 char:1
+ & "C:\Program 
Files\nodejs/node.exe" "C:\Users
\hp\AppData\Roaming\npm ...
+ ~~~~~~~~~~~~~~~~~~~~~~~~~~~~~~
~~~~~~~~~~~~~~~~~~~~~~~~~~~~~~~~
~~~~~~~
    + CategoryInfo          : N 
   otSpecified: (Found 1 warni  
  ng... generated CSS::String   
 ) [], RemoteException
    + FullyQualifiedErrorId : N 
   ativeCommandError
 

[2mΓöé   }[22m
[2mΓöé }[22m
[2mΓöé[22m @import url('https:
//fonts.googleapis.com/css2?fami
ly=Inter:wght@300;400;500;600;70
0;800&family=Space+Grotesk:wght@
400;500;600;700&family=JetBrains
+Mono:wght@400;500&display=swap'
);
[2mΓöå[22m        
[33m[2m^--[22m @import rules 
must precede all rules aside 
from @charset and @layer 
statements[39m
[2mΓöå[22m
[2mΓöé :root {[22m
[2mΓöé   --bg-base: 
#020811;[22m

transforming...Γ£ô 24 modules transformed.
rendering chunks...
computing gzip size...
dist/index.html                   0.45 kB Γöé gzip:  0.29 kB
dist/assets/index-CPo3__DC.css   19.25 kB Γöé gzip:  4.81 kB
dist/assets/index-T8it09Gf.js   236.08 kB Γöé gzip: 74.89 kB

[31mΓ£ù[39m Build failed in 
395ms
[31merror during build:
[31mBuild failed with 1 error:

Error: [vite]: Rolldown failed 
to resolve import 
"@/store/authStore" from "C:/Use
rs/hp/OneDrive/Desktop/BWAI/medi
locker/frontend/src/App.jsx".
This is most likely unintended 
because it can break your 
application at runtime.
If you do want to externalize 
this module explicitly add it to
`build.rollupOptions.external`
    at viteLog (file:///C:/Users
/hp/OneDrive/Desktop/BWAI/medilo
cker/frontend/node_modules/vite/
dist/node/chunks/node.js:33047:5
7)
    at file:///C:/Users/hp/OneDr
ive/Desktop/BWAI/medilocker/fron
tend/node_modules/vite/dist/node
/chunks/node.js:33083:71
    at onwarn (file:///C:/Users/
hp/OneDrive/Desktop/BWAI/mediloc
ker/frontend/node_modules/@vitej
s/plugin-react/dist/index.js:40:
7)
    at file:///C:/Users/hp/OneDr
ive/Desktop/BWAI/medilocker/fron
tend/node_modules/vite/dist/node
/chunks/node.js:33083:28
    at onRollupLog (file:///C:/U
sers/hp/OneDrive/Desktop/BWAI/me
dilocker/frontend/node_modules/v
ite/dist/node/chunks/node.js:330
78:63)
    at onLog (file:///C:/Users/h
p/OneDrive/Desktop/BWAI/medilock
er/frontend/node_modules/vite/di
st/node/chunks/node.js:32847:4)
    at file:///C:/Users/hp/OneDr
ive/Desktop/BWAI/medilocker/fron
tend/node_modules/rolldown/dist/
shared/rolldown-build-hRnqgxyz.m
js:50:26
    at logger (file:///C:/Users/
hp/OneDrive/Desktop/BWAI/mediloc
ker/frontend/node_modules/rolldo
wn/dist/shared/rolldown-build-hR
nqgxyz.mjs:41:3)
    at onLog (file:///C:/Users/h
p/OneDrive/Desktop/BWAI/medilock
er/frontend/node_modules/rolldow
n/dist/shared/bindingify-input-o
ptions-4E8MEYg4.mjs:2015:32)[31
m
    at aggregateBindingErrorsInt
oJsError (file:///C:/Users/hp/On
eDrive/Desktop/BWAI/medilocker/f
rontend/node_modules/rolldown/di
st/shared/error-DBGOT6sf.mjs:48:
18)
    at unwrapBindingResult (file
:///C:/Users/hp/OneDrive/Desktop
/BWAI/medilocker/frontend/node_m
odules/rolldown/dist/shared/erro
r-DBGOT6sf.mjs:18:128)
    at #build (file:///C:/Users/
hp/OneDrive/Desktop/BWAI/mediloc
ker/frontend/node_modules/rolldo
wn/dist/shared/rolldown-build-hR
nqgxyz.mjs:3313:34)
    at async buildEnvironment (f
ile:///C:/Users/hp/OneDrive/Desk
top/BWAI/medilocker/frontend/nod
e_modules/vite/dist/node/chunks/
node.js:32954:64)
    at async Object.build (file:
///C:/Users/hp/OneDrive/Desktop/
BWAI/medilocker/frontend/node_mo
dules/vite/dist/node/chunks/node
.js:33376:19)
    at async Object.buildApp (fi
le:///C:/Users/hp/OneDrive/Deskt
op/BWAI/medilocker/frontend/node
_modules/vite/dist/node/chunks/n
ode.js:33373:153)
    at async CAC.<anonymous> (fi
le:///C:/Users/hp/OneDrive/Deskt
op/BWAI/medilocker/frontend/node
_modules/vite/dist/node/cli.js:7
78:3) {
  errors: [Getter/Setter]
}[39m
